** Drc report for recorder.kicad_pcb **
** Created on 2026-09-01T16:27:12 **
** Report includes: Errors **

** Found 106 DRC violations **
[clearance]: Clearance violation (zone clearance 0.2000 mm; actual 0.0000 mm)
    Local override; error
    @(-2.6950 mm, -40.9700 mm): Track [GND] on F.Cu, length 2.8374 mm
    @(-32.0000 mm, -43.0000 mm): Zone 'VDD33_F' [VDD33] on F.Cu, priority 1
[clearance]: Clearance violation (zone clearance 0.2000 mm; actual 0.0000 mm)
    Local override; error
    @(-10.2250 mm, -10.7750 mm): Track [GND] on F.Cu, length 3.9244 mm
    @(-32.0000 mm, -43.0000 mm): Zone 'VDD33_F' [VDD33] on F.Cu, priority 1
[clearance]: Clearance violation (zone clearance 0.2000 mm; actual 0.0000 mm)
    Local override; error
    @(9.8875 mm, 30.0250 mm): Track [PA_EN] on F.Cu, length 8.3262 mm
    @(-32.0000 mm, -43.0000 mm): Zone 'VDD33_F' [VDD33] on F.Cu, priority 1
[clearance]: Clearance violation (zone clearance 0.2000 mm; actual 0.0000 mm)
    Local override; error
    @(0.5000 mm, -39.1750 mm): Track [CC1] on F.Cu, length 4.6750 mm
    @(-32.0000 mm, -43.0000 mm): Zone 'VDD33_F' [VDD33] on F.Cu, priority 1
[clearance]: Clearance violation (zone clearance 0.2000 mm; actual 0.0000 mm)
    Local override; error
    @(-3.6375 mm, -39.2250 mm): Track [/Power/3V3_RAW] on F.Cu, length 1.7324 mm
    @(-32.0000 mm, -43.0000 mm): Zone 'VDD33_F' [VDD33] on F.Cu, priority 1
[clearance]: Clearance violation (zone clearance 0.2000 mm; actual 0.0000 mm)
    Local override; error
    @(-2.5000 mm, -39.2250 mm): Track [/Power/3V3_RAW] on F.Cu, length 1.1375 mm
    @(-32.0000 mm, -43.0000 mm): Zone 'VDD33_F' [VDD33] on F.Cu, priority 1
[clearance]: Clearance violation (zone clearance 0.2000 mm; actual 0.0000 mm)
    Local override; error
    @(5.1750 mm, -39.1750 mm): Track [CC1] on F.Cu, length 2.2274 mm
    @(-32.0000 mm, -43.0000 mm): Zone 'VDD33_F' [VDD33] on F.Cu, priority 1
[clearance]: Clearance violation (zone clearance 0.2000 mm; actual 0.0000 mm)
    Local override; error
    @(6.7500 mm, -40.7500 mm): Track [CC1] on F.Cu, length 0.8950 mm
    @(-32.0000 mm, -43.0000 mm): Zone 'VDD33_F' [VDD33] on F.Cu, priority 1
[clearance]: Clearance violation (zone clearance 0.2000 mm; actual 0.0000 mm)
    Local override; error
    @(-29.0000 mm, 22.8250 mm): Track [/IO/LED_K] on F.Cu, length 0.9829 mm
    @(-32.0000 mm, -43.0000 mm): Zone 'VDD33_F' [VDD33] on F.Cu, priority 1
[clearance]: Clearance violation (zone clearance 0.2000 mm; actual 0.0000 mm)
    Local override; error
    @(-2.2250 mm, -40.8250 mm): Track [GND] on F.Cu, length 2.7250 mm
    @(-32.0000 mm, -43.0000 mm): Zone 'VDD33_F' [VDD33] on F.Cu, priority 1
[clearance]: Clearance violation (zone clearance 0.2000 mm; actual 0.0000 mm)
    Local override; error
    @(-29.6950 mm, 17.9075 mm): Track [/IO/LED_K] on F.Cu, length 0.9829 mm
    @(-32.0000 mm, -43.0000 mm): Zone 'VDD33_F' [VDD33] on F.Cu, priority 1
[clearance]: Clearance violation (zone clearance 0.2000 mm; actual 0.0000 mm)
    Local override; error
    @(-9.0000 mm, 35.5000 mm): Track [/Audio/SPK_P] on F.Cu, length 4.2144 mm
    @(-32.0000 mm, -43.0000 mm): Zone 'VDD33_F' [VDD33] on F.Cu, priority 1
[clearance]: Clearance violation (zone clearance 0.2000 mm; actual 0.0000 mm)
    Local override; error
    @(1.0000 mm, 35.5000 mm): Track [/Audio/SPK_N] on F.Cu, length 2.1213 mm
    @(-32.0000 mm, -43.0000 mm): Zone 'VDD33_F' [VDD33] on F.Cu, priority 1
[clearance]: Clearance violation (zone clearance 0.2000 mm; actual 0.0000 mm)
    Local override; error
    @(-6.0200 mm, 32.5200 mm): Track [/Audio/SPK_P] on F.Cu, length 16.8278 mm
    @(-32.0000 mm, -43.0000 mm): Zone 'VDD33_F' [VDD33] on F.Cu, priority 1
[clearance]: Clearance violation (zone clearance 0.2000 mm; actual 0.0000 mm)
    Local override; error
    @(2.5000 mm, 34.0000 mm): Track [/Audio/SPK_N] on F.Cu, length 9.5875 mm
    @(-32.0000 mm, -43.0000 mm): Zone 'VDD33_F' [VDD33] on F.Cu, priority 1
[clearance]: Clearance violation (zone clearance 0.2000 mm; actual 0.0000 mm)
    Local override; error
    @(12.0875 mm, 34.0000 mm): Track [/Audio/SPK_N] on F.Cu, length 2.8638 mm
    @(-32.0000 mm, -43.0000 mm): Zone 'VDD33_F' [VDD33] on F.Cu, priority 1
[clearance]: Clearance violation (zone clearance 0.2000 mm; actual 0.0000 mm)
    Local override; error
    @(10.8078 mm, 32.5200 mm): Track [/Audio/SPK_P] on F.Cu, length 3.5285 mm
    @(-32.0000 mm, -43.0000 mm): Zone 'VDD33_F' [VDD33] on F.Cu, priority 1
[clearance]: Clearance violation (zone clearance 0.2000 mm; actual 0.0000 mm)
    Local override; error
    @(9.8875 mm, 31.9750 mm): Track [/Audio/PA_INN] on F.Cu, length 1.0072 mm
    @(-32.0000 mm, -43.0000 mm): Zone 'VDD33_F' [VDD33] on F.Cu, priority 1
[clearance]: Clearance violation (zone clearance 0.2000 mm; actual 0.0000 mm)
    Local override; error
    @(10.8947 mm, 31.9750 mm): Track [/Audio/PA_INN] on F.Cu, length 4.2073 mm
    @(-32.0000 mm, -43.0000 mm): Zone 'VDD33_F' [VDD33] on F.Cu, priority 1
[clearance]: Clearance violation (zone clearance 0.2000 mm; actual 0.0000 mm)
    Local override; error
    @(11.2250 mm, 30.1500 mm): Track [/Audio/PA_BYP] on F.Cu, length 2.6500 mm
    @(-32.0000 mm, -43.0000 mm): Zone 'VDD33_F' [VDD33] on F.Cu, priority 1
[clearance]: Clearance violation (zone clearance 0.2000 mm; actual 0.0000 mm)
    Local override; error
    @(9.8875 mm, 31.3250 mm): Track [/Audio/PA_INP] on F.Cu, length 1.2046 mm
    @(-32.0000 mm, -43.0000 mm): Zone 'VDD33_F' [VDD33] on F.Cu, priority 1
[clearance]: Clearance violation (zone clearance 0.2000 mm; actual 0.0000 mm)
    Local override; error
    @(10.7000 mm, 30.6750 mm): Track [/Audio/PA_BYP] on F.Cu, length 0.7425 mm
    @(-32.0000 mm, -43.0000 mm): Zone 'VDD33_F' [VDD33] on F.Cu, priority 1
[clearance]: Clearance violation (zone clearance 0.2000 mm; actual 0.0000 mm)
    Local override; error
    @(10.2803 mm, 33.5000 mm): Track [VBAT] on F.Cu, length 3.0759 mm
    @(-32.0000 mm, -43.0000 mm): Zone 'VDD33_F' [VDD33] on F.Cu, priority 1
[clearance]: Clearance violation (zone clearance 0.2000 mm; actual 0.0000 mm)
    Local override; error
    @(11.0921 mm, 31.3250 mm): Track [/Audio/PA_INP] on F.Cu, length 3.7406 mm
    @(-32.0000 mm, -43.0000 mm): Zone 'VDD33_F' [VDD33] on F.Cu, priority 1
[clearance]: Clearance violation (zone clearance 0.2000 mm; actual 0.0000 mm)
    Local override; error
    @(-29.6950 mm, 22.1300 mm): Track [/IO/LED_K] on F.Cu, length 4.2225 mm
    @(-32.0000 mm, -43.0000 mm): Zone 'VDD33_F' [VDD33] on F.Cu, priority 1
[clearance]: Clearance violation (zone clearance 0.2000 mm; actual 0.0000 mm)
    Local override; error
    @(-29.0000 mm, 21.1750 mm): Track [GND] on F.Cu, length 6.6750 mm
    @(-32.0000 mm, -43.0000 mm): Zone 'VDD33_F' [VDD33] on F.Cu, priority 1
[clearance]: Clearance violation (zone clearance 0.2000 mm; actual 0.0000 mm)
    Local override; error
    @(-15.0500 mm, 30.0500 mm): Track [GND] on F.Cu, length 4.0500 mm
    @(-32.0000 mm, -43.0000 mm): Zone 'VDD33_F' [VDD33] on F.Cu, priority 1
[clearance]: Clearance violation (zone clearance 0.2000 mm; actual 0.0000 mm)
    Local override; error
    @(-1.0000 mm, 33.5000 mm): Track [VBAT] on F.Cu, length 11.2803 mm
    @(-32.0000 mm, -43.0000 mm): Zone 'VDD33_F' [VDD33] on F.Cu, priority 1
[clearance]: Clearance violation (zone clearance 0.2000 mm; actual 0.0000 mm)
    Local override; error
    @(-22.7750 mm, -35.2250 mm): Track [VBAT] on F.Cu, length 12.2750 mm
    @(-32.0000 mm, -43.0000 mm): Zone 'VDD33_F' [VDD33] on F.Cu, priority 1
[clearance]: Clearance violation (zone clearance 0.2000 mm; actual 0.0000 mm)
    Local override; error
    @(-4.0000 mm, 40.0000 mm): Track [VBAT] on F.Cu, length 3.5000 mm
    @(-32.0000 mm, -43.0000 mm): Zone 'VDD33_F' [VDD33] on F.Cu, priority 1
[clearance]: Clearance violation (zone clearance 0.2000 mm; actual 0.0000 mm)
    Local override; error
    @(-23.5000 mm, 34.0000 mm): Track [VBAT] on F.Cu, length 5.5000 mm
    @(-32.0000 mm, -43.0000 mm): Zone 'VDD33_F' [VDD33] on F.Cu, priority 1
[clearance]: Clearance violation (zone clearance 0.2000 mm; actual 0.0000 mm)
    Local override; error
    @(-12.5200 mm, 23.4800 mm): Track [VBAT] on F.Cu, length 0.7354 mm
    @(-32.0000 mm, -43.0000 mm): Zone 'VDD33_F' [VDD33] on F.Cu, priority 1
[clearance]: Clearance violation (zone clearance 0.2000 mm; actual 0.0000 mm)
    Local override; error
    @(-4.0000 mm, 36.5000 mm): Track [VBAT] on F.Cu, length 4.2426 mm
    @(-32.0000 mm, -43.0000 mm): Zone 'VDD33_F' [VDD33] on F.Cu, priority 1
[clearance]: Clearance violation (zone clearance 0.2000 mm; actual 0.0000 mm)
    Local override; error
    @(-15.9800 mm, 23.4800 mm): Track [VBAT] on F.Cu, length 3.4600 mm
    @(-32.0000 mm, -43.0000 mm): Zone 'VDD33_F' [VDD33] on F.Cu, priority 1
[clearance]: Clearance violation (zone clearance 0.2000 mm; actual 0.0000 mm)
    Local override; error
    @(-30.9750 mm, 21.9245 mm): Track [VBAT] on F.Cu, length 48.9495 mm
    @(-32.0000 mm, -43.0000 mm): Zone 'VDD33_F' [VDD33] on F.Cu, priority 1
[clearance]: Clearance violation (zone clearance 0.2000 mm; actual 0.0000 mm)
    Local override; error
    @(-26.8995 mm, 26.0000 mm): Track [VBAT] on F.Cu, length 5.7636 mm
    @(-32.0000 mm, -43.0000 mm): Zone 'VDD33_F' [VDD33] on F.Cu, priority 1
[clearance]: Clearance violation (zone clearance 0.2000 mm; actual 0.0000 mm)
    Local override; error
    @(-12.0000 mm, 24.0000 mm): Track [VBAT] on F.Cu, length 14.0000 mm
    @(-32.0000 mm, -43.0000 mm): Zone 'VDD33_F' [VDD33] on F.Cu, priority 1
[clearance]: Clearance violation (zone clearance 0.2000 mm; actual 0.0000 mm)
    Local override; error
    @(-30.9750 mm, -27.0250 mm): Track [VBAT] on F.Cu, length 11.5966 mm
    @(-32.0000 mm, -43.0000 mm): Zone 'VDD33_F' [VDD33] on F.Cu, priority 1
[clearance]: Clearance violation (zone clearance 0.2000 mm; actual 0.0000 mm)
    Local override; error
    @(-12.0000 mm, 38.0000 mm): Track [VBAT] on F.Cu, length 2.8284 mm
    @(-32.0000 mm, -43.0000 mm): Zone 'VDD33_F' [VDD33] on F.Cu, priority 1
[clearance]: Clearance violation (zone clearance 0.2000 mm; actual 0.0000 mm)
    Local override; error
    @(-16.9500 mm, 24.4500 mm): Track [VBAT] on F.Cu, length 1.3718 mm
    @(-32.0000 mm, -43.0000 mm): Zone 'VDD33_F' [VDD33] on F.Cu, priority 1
[clearance]: Clearance violation (zone clearance 0.2000 mm; actual 0.0000 mm)
    Local override; error
    @(-16.9500 mm, 26.0000 mm): Track [VBAT] on F.Cu, length 1.5500 mm
    @(-32.0000 mm, -43.0000 mm): Zone 'VDD33_F' [VDD33] on F.Cu, priority 1
[clearance]: Clearance violation (zone clearance 0.2000 mm; actual 0.0000 mm)
    Local override; error
    @(-23.5000 mm, 28.5000 mm): Track [VBAT] on F.Cu, length 4.0500 mm
    @(-32.0000 mm, -43.0000 mm): Zone 'VDD33_F' [VDD33] on F.Cu, priority 1
[clearance]: Clearance violation (zone clearance 0.2000 mm; actual 0.0000 mm)
    Local override; error
    @(-10.0000 mm, 40.0000 mm): Track [VBAT] on F.Cu, length 6.0000 mm
    @(-32.0000 mm, -43.0000 mm): Zone 'VDD33_F' [VDD33] on F.Cu, priority 1
[clearance]: Clearance violation (zone clearance 0.2000 mm; actual 0.0000 mm)
    Local override; error
    @(6.3800 mm, -21.8200 mm): Track [SD_D3] on F.Cu, length 1.2400 mm
    @(-32.0000 mm, -43.0000 mm): Zone 'VDD33_F' [VDD33] on F.Cu, priority 1
[clearance]: Clearance violation (zone clearance 0.2000 mm; actual 0.0000 mm)
    Local override; error
    @(-10.7950 mm, -15.6200 mm): Track [SD_D3] on F.Cu, length 2.3345 mm
    @(-32.0000 mm, -43.0000 mm): Zone 'VDD33_F' [VDD33] on F.Cu, priority 1
[clearance]: Clearance violation (zone clearance 0.2000 mm; actual 0.0000 mm)
    Local override; error
    @(-10.7950 mm, -17.9545 mm): Track [SD_D3] on F.Cu, length 4.7171 mm
    @(-32.0000 mm, -43.0000 mm): Zone 'VDD33_F' [VDD33] on F.Cu, priority 1
[clearance]: Clearance violation (zone clearance 0.2000 mm; actual 0.0000 mm)
    Local override; error
    @(7.6200 mm, -21.8200 mm): Track [SD_D3] on F.Cu, length 0.4525 mm
    @(-32.0000 mm, -43.0000 mm): Zone 'VDD33_F' [VDD33] on F.Cu, priority 1
[clearance]: Clearance violation (zone clearance 0.2000 mm; actual 0.0000 mm)
    Local override; error
    @(5.8500 mm, -21.2900 mm): Track [SD_D3] on F.Cu, length 0.7495 mm
    @(-32.0000 mm, -43.0000 mm): Zone 'VDD33_F' [VDD33] on F.Cu, priority 1
[clearance]: Clearance violation (zone clearance 0.2000 mm; actual 0.0000 mm)
    Local override; error
    @(-10.1750 mm, -15.0000 mm): Track [SD_D3] on F.Cu, length 0.8768 mm
    @(-32.0000 mm, -43.0000 mm): Zone 'VDD33_F' [VDD33] on F.Cu, priority 1
[clearance]: Clearance violation (zone clearance 0.2000 mm; actual 0.0000 mm)
    Local override; error
    @(7.9400 mm, -21.5000 mm): Track [SD_D3] on F.Cu, length 4.3675 mm
    @(-32.0000 mm, -43.0000 mm): Zone 'VDD33_F' [VDD33] on F.Cu, priority 1
[clearance]: Clearance violation (zone clearance 0.2000 mm; actual 0.0000 mm)
    Local override; error
    @(-7.4595 mm, -21.2900 mm): Track [SD_D3] on F.Cu, length 13.3095 mm
    @(-32.0000 mm, -43.0000 mm): Zone 'VDD33_F' [VDD33] on F.Cu, priority 1
[clearance]: Clearance violation (zone clearance 0.2000 mm; actual 0.0000 mm)
    Local override; error
    @(13.1500 mm, -11.9225 mm): Track [SD_D3] on F.Cu, length 0.9225 mm
    @(-32.0000 mm, -43.0000 mm): Zone 'VDD33_F' [VDD33] on F.Cu, priority 1
[clearance]: Clearance violation (zone clearance 0.2000 mm; actual 0.0000 mm)
    Local override; error
    @(4.0000 mm, 24.1375 mm): Track [PA_EN] on F.Cu, length 35.9275 mm
    @(-32.0000 mm, -43.0000 mm): Zone 'VDD33_F' [VDD33] on F.Cu, priority 1
[clearance]: Clearance violation (zone clearance 0.2000 mm; actual 0.0000 mm)
    Local override; error
    @(7.9400 mm, -17.1325 mm): Track [SD_D3] on F.Cu, length 7.3681 mm
    @(-32.0000 mm, -43.0000 mm): Zone 'VDD33_F' [VDD33] on F.Cu, priority 1
[clearance]: Clearance violation (zone clearance 0.2000 mm; actual 0.0000 mm)
    Local override; error
    @(5.9646 mm, -19.7000 mm): Track [LED] on F.Cu, length 1.0354 mm
    @(-32.0000 mm, -43.0000 mm): Zone 'VDD33_F' [VDD33] on F.Cu, priority 1
[clearance]: Clearance violation (zone clearance 0.2000 mm; actual 0.0000 mm)
    Local override; error
    @(4.0000 mm, -11.7900 mm): Track [PA_EN] on F.Cu, length 3.9739 mm
    @(-32.0000 mm, -43.0000 mm): Zone 'VDD33_F' [VDD33] on F.Cu, priority 1
[clearance]: Clearance violation (zone clearance 0.2000 mm; actual 0.0000 mm)
    Local override; error
    @(-16.9500 mm, 26.0000 mm): Track [VBAT] on F.Cu, length 9.9495 mm
    @(-32.0000 mm, -43.0000 mm): Zone 'VDD33_F' [VDD33] on F.Cu, priority 1
[clearance]: Clearance violation (zone clearance 0.2000 mm; actual 0.0000 mm)
    Local override; error
    @(-29.0000 mm, 18.7875 mm): Track [LED] on F.Cu, length 11.6650 mm
    @(-32.0000 mm, -43.0000 mm): Zone 'VDD33_F' [VDD33] on F.Cu, priority 1
[clearance]: Clearance violation (zone clearance 0.2000 mm; actual 0.0000 mm)
    Local override; error
    @(-19.4500 mm, 28.5000 mm): Track [VBAT] on F.Cu, length 3.5355 mm
    @(-32.0000 mm, -43.0000 mm): Zone 'VDD33_F' [VDD33] on F.Cu, priority 1
[clearance]: Clearance violation (zone clearance 0.2000 mm; actual 0.0000 mm)
    Local override; error
    @(-17.3350 mm, 18.7875 mm): Track [LED] on F.Cu, length 15.7755 mm
    @(-32.0000 mm, -43.0000 mm): Zone 'VDD33_F' [VDD33] on F.Cu, priority 1
[clearance]: Clearance violation (zone clearance 0.2000 mm; actual 0.0000 mm)
    Local override; error
    @(-13.2500 mm, 14.2500 mm): Track [BTN] on F.Cu, length 9.5459 mm
    @(-32.0000 mm, -43.0000 mm): Zone 'VDD33_F' [VDD33] on F.Cu, priority 1
[clearance]: Clearance violation (zone clearance 0.2000 mm; actual 0.0000 mm)
    Local override; error
    @(6.3800 mm, -20.0200 mm): Track [BTN] on F.Cu, length 0.1000 mm
    @(-32.0000 mm, -43.0000 mm): Zone 'VDD33_F' [VDD33] on F.Cu, priority 1
[clearance]: Clearance violation (zone clearance 0.2000 mm; actual 0.0000 mm)
    Local override; error
    @(6.3800 mm, -20.1200 mm): Track [BTN] on F.Cu, length 0.1900 mm
    @(-32.0000 mm, -43.0000 mm): Zone 'VDD33_F' [VDD33] on F.Cu, priority 1
[clearance]: Clearance violation (zone clearance 0.2000 mm; actual 0.0000 mm)
    Local override; error
    @(6.5700 mm, -20.1200 mm): Track [BTN] on F.Cu, length 0.6081 mm
    @(-32.0000 mm, -43.0000 mm): Zone 'VDD33_F' [VDD33] on F.Cu, priority 1
[clearance]: Clearance violation (zone clearance 0.2000 mm; actual 0.0000 mm)
    Local override; error
    @(-22.0200 mm, 14.2500 mm): Track [BTN] on F.Cu, length 8.7700 mm
    @(-32.0000 mm, -43.0000 mm): Zone 'VDD33_F' [VDD33] on F.Cu, priority 1
[clearance]: Clearance violation (zone clearance 0.2000 mm; actual 0.0000 mm)
    Local override; error
    @(-3.5000 mm, -15.0000 mm): Track [BTN] on F.Cu, length 3.0491 mm
    @(-32.0000 mm, -43.0000 mm): Zone 'VDD33_F' [VDD33] on F.Cu, priority 1
[clearance]: Clearance violation (zone clearance 0.2000 mm; actual 0.0000 mm)
    Local override; error
    @(-29.9800 mm, 14.2500 mm): Track [BTN] on F.Cu, length 7.9600 mm
    @(-32.0000 mm, -43.0000 mm): Zone 'VDD33_F' [VDD33] on F.Cu, priority 1
[clearance]: Clearance violation (zone clearance 0.2000 mm; actual 0.0000 mm)
    Local override; error
    @(-1.3440 mm, -12.8440 mm): Track [BTN] on F.Cu, length 10.1484 mm
    @(-32.0000 mm, -43.0000 mm): Zone 'VDD33_F' [VDD33] on F.Cu, priority 1
[clearance]: Clearance violation (zone clearance 0.2000 mm; actual 0.0000 mm)
    Local override; error
    @(-6.5000 mm, 7.5000 mm): Track [BTN] on F.Cu, length 20.5000 mm
    @(-32.0000 mm, -43.0000 mm): Zone 'VDD33_F' [VDD33] on F.Cu, priority 1
[clearance]: Clearance violation (zone clearance 0.2000 mm; actual 0.0000 mm)
    Local override; error
    @(-6.1800 mm, -7.5554 mm): Track [LED] on F.Cu, length 17.1751 mm
    @(-32.0000 mm, -43.0000 mm): Zone 'VDD33_F' [VDD33] on F.Cu, priority 1
[clearance]: Clearance violation (zone clearance 0.2000 mm; actual 0.0000 mm)
    Local override; error
    @(-6.5000 mm, -13.0000 mm): Track [BTN] on F.Cu, length 2.8284 mm
    @(-32.0000 mm, -43.0000 mm): Zone 'VDD33_F' [VDD33] on F.Cu, priority 1
[clearance]: Clearance violation (zone clearance 0.2000 mm; actual 0.0000 mm)
    Local override; error
    @(5.8321 mm, -20.0200 mm): Track [BTN] on F.Cu, length 0.5479 mm
    @(-32.0000 mm, -43.0000 mm): Zone 'VDD33_F' [VDD33] on F.Cu, priority 1
[clearance]: Clearance violation (zone clearance 0.2000 mm; actual 0.0000 mm)
    Local override; error
    @(-4.5000 mm, -15.0000 mm): Track [BTN] on F.Cu, length 1.0000 mm
    @(-32.0000 mm, -43.0000 mm): Zone 'VDD33_F' [VDD33] on F.Cu, priority 1
[clearance]: Clearance violation (zone clearance 0.2000 mm; actual 0.1250 mm)
    Local override; error
    @(-6.0200 mm, 32.5200 mm): Track [/Audio/SPK_P] on F.Cu, length 16.8278 mm
    @(-32.0000 mm, -43.0000 mm): Zone 'GND_F' [GND] on F.Cu, priority 0
[clearance]: Clearance violation (zone clearance 0.2000 mm; actual 0.1250 mm)
    Local override; error
    @(-15.9800 mm, 23.4800 mm): Track [VBAT] on F.Cu, length 3.4600 mm
    @(-32.0000 mm, -43.0000 mm): Zone 'GND_F' [GND] on F.Cu, priority 0
[clearance]: Clearance violation (zone clearance 0.2000 mm; actual 0.0000 mm)
    Local override; error
    @(-15.7000 mm, 34.0000 mm): Track [GND] on F.Cu, length 3.3000 mm
    @(-32.0000 mm, -43.0000 mm): Zone 'VDD33_F' [VDD33] on F.Cu, priority 1
[clearance]: Clearance violation (zone clearance 0.2000 mm; actual 0.0000 mm)
    Local override; error
    @(-14.7500 mm, 9.7500 mm): Track [GND] on F.Cu, length 7.2700 mm
    @(-32.0000 mm, -43.0000 mm): Zone 'VDD33_F' [VDD33] on F.Cu, priority 1
[clearance]: Clearance violation (zone clearance 0.2000 mm; actual 0.0000 mm)
    Local override; error
    @(-10.2250 mm, -12.0000 mm): Track [GND] on F.Cu, length 1.2250 mm
    @(-32.0000 mm, -43.0000 mm): Zone 'VDD33_F' [VDD33] on F.Cu, priority 1
[clearance]: Clearance violation (zone clearance 0.2000 mm; actual 0.0000 mm)
    Local override; error
    @(-5.5324 mm, -40.9700 mm): Track [GND] on F.Cu, length 0.6613 mm
    @(-32.0000 mm, -43.0000 mm): Zone 'VDD33_F' [VDD33] on F.Cu, priority 1
[clearance]: Clearance violation (zone clearance 0.2000 mm; actual 0.0000 mm)
    Local override; error
    @(-18.3500 mm, -10.6500 mm): Track [GND] on F.Cu, length 3.7477 mm
    @(-32.0000 mm, -43.0000 mm): Zone 'VDD33_F' [VDD33] on F.Cu, priority 1
[clearance]: Clearance violation (zone clearance 0.2000 mm; actual 0.0000 mm)
    Local override; error
    @(-22.3250 mm, 21.1750 mm): Track [GND] on F.Cu, length 1.8738 mm
    @(-32.0000 mm, -43.0000 mm): Zone 'VDD33_F' [VDD33] on F.Cu, priority 1
[clearance]: Clearance violation (zone clearance 0.2000 mm; actual 0.0000 mm)
    Local override; error
    @(-15.7000 mm, 30.7000 mm): Track [GND] on F.Cu, length 0.9192 mm
    @(-32.0000 mm, -43.0000 mm): Zone 'VDD33_F' [VDD33] on F.Cu, priority 1
[clearance]: Clearance violation (zone clearance 0.2000 mm; actual 0.0000 mm)
    Local override; error
    @(0.5000 mm, -40.8250 mm): Track [GND] on F.Cu, length 1.6617 mm
    @(-32.0000 mm, -43.0000 mm): Zone 'VDD33_F' [VDD33] on F.Cu, priority 1
[clearance]: Clearance violation (zone clearance 0.2000 mm; actual 0.0000 mm)
    Local override; error
    @(-26.6500 mm, -10.3500 mm): Track [GND] on F.Cu, length 3.3234 mm
    @(-32.0000 mm, -43.0000 mm): Zone 'VDD33_F' [VDD33] on F.Cu, priority 1
[clearance]: Clearance violation (zone clearance 0.2000 mm; actual 0.0000 mm)
    Local override; error
    @(-14.7500 mm, 9.7500 mm): Track [GND] on F.Cu, length 2.4749 mm
    @(-32.0000 mm, -43.0000 mm): Zone 'VDD33_F' [VDD33] on F.Cu, priority 1
[clearance]: Clearance violation (zone clearance 0.2000 mm; actual 0.0000 mm)
    Local override; error
    @(-6.0000 mm, -40.0000 mm): Track [GND] on F.Cu, length 0.7071 mm
    @(-32.0000 mm, -43.0000 mm): Zone 'VDD33_F' [VDD33] on F.Cu, priority 1
[clearance]: Clearance violation (zone clearance 0.2000 mm; actual 0.0000 mm)
    Local override; error
    @(-21.0000 mm, 22.5000 mm): Track [GND] on F.Cu, length 1.5000 mm
    @(-32.0000 mm, -43.0000 mm): Zone 'VDD33_F' [VDD33] on F.Cu, priority 1
[clearance]: Clearance violation (zone clearance 0.2000 mm; actual 0.0000 mm)
    Local override; error
    @(1.6750 mm, -42.0000 mm): Track [GND] on F.Cu, length 2.7200 mm
    @(-32.0000 mm, -43.0000 mm): Zone 'VDD33_F' [VDD33] on F.Cu, priority 1
[clearance]: Clearance violation (zone clearance 0.2000 mm; actual 0.0000 mm)
    Local override; error
    @(-29.9800 mm, 9.7500 mm): Track [GND] on F.Cu, length 15.2300 mm
    @(-32.0000 mm, -43.0000 mm): Zone 'VDD33_F' [VDD33] on F.Cu, priority 1
[clearance]: Clearance violation (zone clearance 0.2000 mm; actual 0.0000 mm)
    Local override; error
    @(-6.0000 mm, -40.5024 mm): Track [GND] on F.Cu, length 0.5024 mm
    @(-32.0000 mm, -43.0000 mm): Zone 'VDD33_F' [VDD33] on F.Cu, priority 1
[clearance]: Clearance violation (zone clearance 0.2000 mm; actual 0.0000 mm)
    Local override; error
    @(-10.1750 mm, -17.5000 mm): Track [SD_D2] on F.Cu, length 4.9073 mm
    @(-32.0000 mm, -43.0000 mm): Zone 'VDD33_F' [VDD33] on F.Cu, priority 1
[clearance]: Clearance violation (zone clearance 0.2000 mm; actual 0.0000 mm)
    Local override; error
    @(7.6200 mm, -20.9700 mm): Track [SD_D2] on F.Cu, length 3.9700 mm
    @(-32.0000 mm, -43.0000 mm): Zone 'VDD33_F' [VDD33] on F.Cu, priority 1
[clearance]: Clearance violation (zone clearance 0.2000 mm; actual 0.0000 mm)
    Local override; error
    @(-6.7050 mm, -20.9700 mm): Track [SD_D2] on F.Cu, length 14.3250 mm
    @(-32.0000 mm, -43.0000 mm): Zone 'VDD33_F' [VDD33] on F.Cu, priority 1
[clearance]: Clearance violation (zone clearance 0.2000 mm; actual 0.0000 mm)
    Local override; error
    @(12.3000 mm, -12.3200 mm): Track [SD_D2] on F.Cu, length 1.3200 mm
    @(-32.0000 mm, -43.0000 mm): Zone 'VDD33_F' [VDD33] on F.Cu, priority 1
[clearance]: Clearance violation (zone clearance 0.2000 mm; actual 0.0000 mm)
    Local override; error
    @(7.6200 mm, -17.0000 mm): Track [SD_D2] on F.Cu, length 6.6185 mm
    @(-32.0000 mm, -43.0000 mm): Zone 'VDD33_F' [VDD33] on F.Cu, priority 1
[clearance]: Clearance violation (zone clearance 0.2000 mm; actual 0.0000 mm)
    Local override; error
    @(-6.1800 mm, 7.6325 mm): Track [LED] on F.Cu, length 15.1879 mm
    @(-32.0000 mm, -43.0000 mm): Zone 'VDD33_F' [VDD33] on F.Cu, priority 1
[clearance]: Clearance violation (zone clearance 0.2000 mm; actual 0.1250 mm)
    Local override; error
    @(-6.1800 mm, -7.5554 mm): Track [LED] on F.Cu, length 17.1751 mm
    @(-32.0000 mm, -43.0000 mm): Zone 'GND_F' [GND] on F.Cu, priority 0
[clearance]: Clearance violation (zone clearance 0.2000 mm; actual 0.1005 mm)
    Local override; error
    @(9.8875 mm, 30.6750 mm): Track [/Audio/PA_BYP] on F.Cu, length 0.8125 mm
    @(-32.0000 mm, -43.0000 mm): Zone 'VDD33_F' [VDD33] on F.Cu, priority 1
[clearance]: Clearance violation (zone clearance 0.2000 mm; actual 0.0455 mm)
    Local override; error
    @(4.3950 mm, -42.0000 mm): Track [GND] on F.Cu, length 0.5020 mm
    @(-32.0000 mm, -43.0000 mm): Zone 'VDD33_F' [VDD33] on F.Cu, priority 1
[clearance]: Clearance violation (zone clearance 0.2000 mm; actual 0.1255 mm)
    Local override; error
    @(-6.5000 mm, -39.5000 mm): Track [GND] on F.Cu, length 0.6375 mm
    @(-32.0000 mm, -43.0000 mm): Zone 'VDD33_F' [VDD33] on F.Cu, priority 1
[clearance]: Clearance violation (zone clearance 0.2000 mm; actual 0.0505 mm)
    Local override; error
    @(-26.6500 mm, -11.1250 mm): Track [GND] on F.Cu, length 0.7750 mm
    @(-32.0000 mm, -43.0000 mm): Zone 'VDD33_F' [VDD33] on F.Cu, priority 1
[hole_clearance]: Hole clearance violation (board setup constraints hole clearance 0.2500 mm; actual 0.1800 mm)
    Rule: board setup constraints hole; error
    @(30.0000 mm, 10.1300 mm): Pad 5 [/Audio/AGND] of MK1 on F.Cu
    @(30.0000 mm, 9.3200 mm): NPTH pad of MK1
[starved_thermal]: Thermal relief connection to zone incomplete (layer F.Cu; zone min spoke count 2; actual 1)
    Local override; error
    @(-32.0000 mm, -43.0000 mm): Zone 'GND_F' [GND] on F.Cu, priority 0
    @(7.0000 mm, -23.1000 mm): Pad 2 [GND] of U1 on F.Cu
[starved_thermal]: Thermal relief connection to zone incomplete (layer F.Cu; zone min spoke count 2; actual 1)
    Local override; error
    @(-32.0000 mm, -43.0000 mm): Zone 'GND_F' [GND] on F.Cu, priority 0
    @(21.0000 mm, -21.4000 mm): Pad 42 [GND] of U1 on F.Cu
[starved_thermal]: Thermal relief connection to zone incomplete (layer F.Cu; zone min spoke count 2; actual 1)
    Local override; error
    @(-32.0000 mm, -43.0000 mm): Zone 'GND_F' [GND] on F.Cu, priority 0
    @(21.0000 mm, -22.2500 mm): Pad 43 [GND] of U1 on F.Cu
[starved_thermal]: Thermal relief connection to zone incomplete (layer F.Cu; zone min spoke count 2; actual 1)
    Local override; error
    @(-32.0000 mm, -43.0000 mm): Zone 'GND_F' [GND] on F.Cu, priority 0
    @(21.0000 mm, -25.0000 mm): Pad 65 [GND] of U1 on F.Cu

** Found 114 unconnected pads **
[unconnected_items]: Missing connection between items
    Local override; error
    @(20.0750 mm, 34.5000 mm): Via [VDD33] on F.Cu - B.Cu
    @(21.1750 mm, 34.5000 mm): Pad 1 [VDD33] of R5 on F.Cu
[unconnected_items]: Missing connection between items
    Local override; error
    @(24.5500 mm, 22.0000 mm): Pad 3 [VDD33] of U2 on F.Cu
    @(24.5500 mm, 22.4000 mm): Pad 4 [VDD33] of U2 on F.Cu
[unconnected_items]: Missing connection between items
    Local override; error
    @(24.5500 mm, 22.0000 mm): Pad 3 [VDD33] of U2 on F.Cu
    @(25.2000 mm, 20.5500 mm): Pad 20 [VDD33] of U2 on F.Cu
[unconnected_items]: Missing connection between items
    Local override; error
    @(24.8625 mm, 31.9500 mm): Pad 3 [VDD33] of U8 on F.Cu
    @(24.8625 mm, 33.0500 mm): Via [VDD33] on F.Cu - B.Cu
[unconnected_items]: Missing connection between items
    Local override; error
    @(25.0750 mm, 34.5000 mm): Via [VDD33] on F.Cu - B.Cu
    @(26.1750 mm, 34.5000 mm): Pad 1 [VDD33] of R6 on F.Cu
[unconnected_items]: Missing connection between items
    Local override; error
    @(25.2000 mm, 19.4500 mm): Via [VDD33] on F.Cu - B.Cu
    @(25.2000 mm, 20.5500 mm): Pad 20 [VDD33] of U2 on F.Cu
[unconnected_items]: Missing connection between items
    Local override; error
    @(24.7875 mm, -33.0000 mm): Pad 2 [CHG_STAT] of D2 on F.Cu
    @(28.8250 mm, -36.0000 mm): Pad 2 [CHG_STAT] of Rstat on F.Cu
[unconnected_items]: Missing connection between items
    Local override; error
    @(24.7875 mm, -33.0000 mm): Pad 2 [CHG_STAT] of D2 on F.Cu
    @(7.0000 mm, -13.7500 mm): Pad 13 [CHG_STAT] of U1 on F.Cu
[unconnected_items]: Missing connection between items
    Local override; error
    @(28.8250 mm, -36.0000 mm): Pad 2 [CHG_STAT] of Rstat on F.Cu
    @(22.8625 mm, -40.4500 mm): Pad 1 [CHG_STAT] of U3 on F.Cu
[unconnected_items]: Missing connection between items
    Local override; error
    @(-10.1750 mm, -22.5000 mm): Pad 2 [SD_D0] of Rsd1 on F.Cu
    @(-24.0500 mm, -21.4000 mm): Pad 7 [SD_D0] of J3 on F.Cu
[unconnected_items]: Missing connection between items
    Local override; error
    @(7.0000 mm, -16.3000 mm): Pad 10 [SD_D0] of U1 on F.Cu
    @(-10.1750 mm, -22.5000 mm): Pad 2 [SD_D0] of Rsd1 on F.Cu
[unconnected_items]: Missing connection between items
    Local override; error
    @(-24.0500 mm, -14.8000 mm): Pad 1 [SD_D2] of J3 on F.Cu
    @(-10.1750 mm, -17.5000 mm): Track [SD_D2] on F.Cu, length 4.9073 mm
[unconnected_items]: Missing connection between items
    Local override; error
    @(-26.6500 mm, -24.8750 mm): Pad SH [GND] of J3 on F.Cu
    @(-32.0000 mm, -43.0000 mm): Zone 'GND_F' [GND] on F.Cu, priority 0
[unconnected_items]: Missing connection between items
    Local override; error
    @(-24.0500 mm, -20.3000 mm): Pad 6 [GND] of J3 on F.Cu
    @(-32.0000 mm, -43.0000 mm): Zone 'GND_F' [GND] on F.Cu, priority 0
[unconnected_items]: Missing connection between items
    Local override; error
    @(-32.0000 mm, -43.0000 mm): Zone 'GND_F' [GND] on F.Cu, priority 0
    @(-18.3500 mm, -24.8750 mm): Pad SH [GND] of J3 on F.Cu
[unconnected_items]: Missing connection between items
    Local override; error
    @(-17.1375 mm, -39.5000 mm): Pad 2 [GND] of U5 on F.Cu
    @(-20.5000 mm, -40.9500 mm): Pad 2 [GND] of C8 on F.Cu
[unconnected_items]: Missing connection between items
    Local override; error
    @(-32.0000 mm, -43.0000 mm): Zone 'GND_F' [GND] on F.Cu, priority 0
    @(-10.5000 mm, -36.7750 mm): Pad 2 [GND] of C6 on F.Cu
[unconnected_items]: Missing connection between items
    Local override; error
    @(-10.5000 mm, -40.7750 mm): Pad 2 [GND] of C5 on F.Cu
    @(-10.5000 mm, -36.7750 mm): Pad 2 [GND] of C6 on F.Cu
[unconnected_items]: Missing connection between items
    Local override; error
    @(-10.5000 mm, -40.7750 mm): Pad 2 [GND] of C5 on F.Cu
    @(-17.1375 mm, -39.5000 mm): Pad 2 [GND] of U5 on F.Cu
[unconnected_items]: Missing connection between items
    Local override; error
    @(-6.5000 mm, -39.5000 mm): Track [GND] on F.Cu, length 0.6375 mm
    @(-10.5000 mm, -40.7750 mm): Pad 2 [GND] of C5 on F.Cu
[unconnected_items]: Missing connection between items
    Local override; error
    @(4.3950 mm, -42.0000 mm): Track [GND] on F.Cu, length 0.5020 mm
    @(11.2500 mm, -41.6450 mm): Pad B1 [GND] of J2 on F.Cu
[unconnected_items]: Missing connection between items
    Local override; error
    @(6.8625 mm, -31.0000 mm): Pad 2 [GND] of U7 on F.Cu
    @(-32.0000 mm, -43.0000 mm): Zone 'GND_F' [GND] on F.Cu, priority 0
[unconnected_items]: Missing connection between items
    Local override; error
    @(-32.0000 mm, -43.0000 mm): Zone 'GND_F' [GND] on F.Cu, priority 0
    @(7.0000 mm, -11.0000 mm): Pad 63 [GND] of U1 on F.Cu
[unconnected_items]: Missing connection between items
    Local override; error
    @(12.7750 mm, 27.5000 mm): Pad 2 [GND] of C19 on F.Cu
    @(13.8750 mm, 27.5000 mm): Via [GND] on F.Cu - B.Cu
[unconnected_items]: Missing connection between items
    Local override; error
    @(15.5000 mm, -40.8250 mm): Pad 2 [GND] of R3 on F.Cu
    @(11.2500 mm, -41.6450 mm): Pad B1 [GND] of J2 on F.Cu
[unconnected_items]: Missing connection between items
    Local override; error
    @(17.0500 mm, 24.8250 mm): Pad 2 [GND] of Y1 on F.Cu
    @(17.0500 mm, 25.9250 mm): Via [GND] on F.Cu - B.Cu
[unconnected_items]: Missing connection between items
    Local override; error
    @(18.4250 mm, 27.5000 mm): Via [GND] on F.Cu - B.Cu
    @(17.3250 mm, 27.5000 mm): Pad 2 [GND] of R7 on F.Cu
[unconnected_items]: Missing connection between items
    Local override; error
    @(20.5000 mm, -40.7750 mm): Pad 2 [GND] of C4 on F.Cu
    @(15.5000 mm, -40.8250 mm): Pad 2 [GND] of R3 on F.Cu
[unconnected_items]: Missing connection between items
    Local override; error
    @(21.0000 mm, -22.2500 mm): Pad 43 [GND] of U1 on F.Cu
    @(-32.0000 mm, -43.0000 mm): Zone 'GND_F' [GND] on F.Cu, priority 0
[unconnected_items]: Missing connection between items
    Local override; error
    @(21.0000 mm, -11.0000 mm): Pad 64 [GND] of U1 on F.Cu
    @(-32.0000 mm, -43.0000 mm): Zone 'GND_F' [GND] on F.Cu, priority 0
[unconnected_items]: Missing connection between items
    Local override; error
    @(21.7750 mm, 31.0000 mm): Pad 2 [GND] of C9 on F.Cu
    @(22.8750 mm, 31.0000 mm): Via [GND] on F.Cu - B.Cu
[unconnected_items]: Missing connection between items
    Local override; error
    @(22.8625 mm, -39.5000 mm): Pad 2 [GND] of U3 on F.Cu
    @(20.5000 mm, -40.7750 mm): Pad 2 [GND] of C4 on F.Cu
[unconnected_items]: Missing connection between items
    Local override; error
    @(23.4500 mm, 22.8000 mm): Via [GND] on F.Cu - B.Cu
    @(24.5500 mm, 22.8000 mm): Pad 5 [GND] of U2 on F.Cu
[unconnected_items]: Missing connection between items
    Local override; error
    @(24.5000 mm, -22.2750 mm): Pad 2 [GND] of C3 on F.Cu
    @(24.5000 mm, -18.7750 mm): Pad 2 [GND] of C2 on F.Cu
[unconnected_items]: Missing connection between items
    Local override; error
    @(24.5000 mm, -22.2750 mm): Pad 2 [GND] of C3 on F.Cu
    @(-32.0000 mm, -43.0000 mm): Zone 'GND_F' [GND] on F.Cu, priority 0
[unconnected_items]: Missing connection between items
    Local override; error
    @(24.8250 mm, -36.0000 mm): Pad 2 [GND] of R4 on F.Cu
    @(22.8625 mm, -39.5000 mm): Pad 2 [GND] of U3 on F.Cu
[unconnected_items]: Missing connection between items
    Local override; error
    @(24.8625 mm, 31.0000 mm): Pad 2 [GND] of U8 on F.Cu
    @(22.8750 mm, 31.0000 mm): Via [GND] on F.Cu - B.Cu
[unconnected_items]: Missing connection between items
    Local override; error
    @(-32.0000 mm, -43.0000 mm): Zone 'GND_F' [GND] on F.Cu, priority 0
    @(24.5000 mm, -22.2750 mm): Pad 2 [GND] of C3 on F.Cu
[unconnected_items]: Missing connection between items
    Local override; error
    @(-32.0000 mm, -43.0000 mm): Zone 'GND_F' [GND] on F.Cu, priority 0
    @(24.5000 mm, -25.9500 mm): Pad 2 [GND] of C1 on F.Cu
[unconnected_items]: Missing connection between items
    Local override; error
    @(26.8250 mm, 16.5000 mm): Pad 2 [GND] of Ragnd on F.Cu
    @(27.9250 mm, 16.5000 mm): Via [GND] on F.Cu - B.Cu
[unconnected_items]: Missing connection between items
    Local override; error
    @(-32.0000 mm, -43.0000 mm): Zone 'GND_In1' [GND] on In1.Cu, priority 0
    @(-32.0000 mm, -43.0000 mm): Zone 'GND_F' [GND] on F.Cu, priority 0
[unconnected_items]: Missing connection between items
    Local override; error
    @(7.0000 mm, -21.4000 mm): Pad 4 [/MCU_USB/BOOT] of U1 on F.Cu
    @(24.5000 mm, -11.8250 mm): Pad 2 [/MCU_USB/BOOT] of Rboot on F.Cu
[unconnected_items]: Missing connection between items
    Local override; error
    @(22.8250 mm, 34.5000 mm): Pad 2 [I2C_SDA] of R5 on F.Cu
    @(25.6000 mm, 20.5500 mm): Pad 19 [I2C_SDA] of U2 on F.Cu
[unconnected_items]: Missing connection between items
    Local override; error
    @(25.6000 mm, 20.5500 mm): Pad 19 [I2C_SDA] of U2 on F.Cu
    @(7.0000 mm, -18.0000 mm): Pad 8 [I2C_SDA] of U1 on F.Cu
[unconnected_items]: Missing connection between items
    Local override; error
    @(24.5500 mm, 21.2000 mm): Pad 1 [I2C_SCL] of U2 on F.Cu
    @(7.0000 mm, -17.1500 mm): Pad 9 [I2C_SCL] of U1 on F.Cu
[unconnected_items]: Missing connection between items
    Local override; error
    @(27.8250 mm, 34.5000 mm): Pad 2 [I2C_SCL] of R6 on F.Cu
    @(24.5500 mm, 21.2000 mm): Pad 1 [I2C_SCL] of U2 on F.Cu
[unconnected_items]: Missing connection between items
    Local override; error
    @(-10.1750 mm, -25.0000 mm): Pad 2 [SD_CMD] of Rsd0 on F.Cu
    @(-24.0500 mm, -17.0000 mm): Pad 3 [SD_CMD] of J3 on F.Cu
[unconnected_items]: Missing connection between items
    Local override; error
    @(7.0000 mm, -15.4500 mm): Pad 11 [SD_CMD] of U1 on F.Cu
    @(-10.1750 mm, -25.0000 mm): Pad 2 [SD_CMD] of Rsd0 on F.Cu
[unconnected_items]: Missing connection between items
    Local override; error
    @(7.0000 mm, -12.9000 mm): Pad 14 [I2S_DIN] of U1 on F.Cu
    @(25.6000 mm, 23.4500 mm): Pad 7 [I2S_DIN] of U2 on F.Cu
[unconnected_items]: Missing connection between items
    Local override; error
    @(7.0000 mm, -12.0500 mm): Pad 15 [I2S_DOUT] of U1 on F.Cu
    @(26.4000 mm, 23.4500 mm): Pad 9 [I2S_DOUT] of U2 on F.Cu
[unconnected_items]: Missing connection between items
    Local override; error
    @(8.0500 mm, -11.0000 mm): Pad 16 [I2S_WS] of U1 on F.Cu
    @(26.0000 mm, 23.4500 mm): Pad 8 [I2S_WS] of U2 on F.Cu
[unconnected_items]: Missing connection between items
    Local override; error
    @(8.9000 mm, -11.0000 mm): Pad 17 [I2S_BCLK] of U1 on F.Cu
    @(25.2000 mm, 23.4500 mm): Pad 6 [I2S_BCLK] of U2 on F.Cu
[unconnected_items]: Missing connection between items
    Local override; error
    @(9.7500 mm, -11.0000 mm): Pad 18 [I2S_MCLK] of U1 on F.Cu
    @(17.0500 mm, 23.1750 mm): Pad 3 [I2S_MCLK] of Y1 on F.Cu
[unconnected_items]: Missing connection between items
    Local override; error
    @(17.0500 mm, 23.1750 mm): Pad 3 [I2S_MCLK] of Y1 on F.Cu
    @(24.5500 mm, 21.6000 mm): Pad 2 [I2S_MCLK] of U2 on F.Cu
[unconnected_items]: Missing connection between items
    Local override; error
    @(-24.0500 mm, -19.2000 mm): Pad 5 [SD_CLK] of J3 on F.Cu
    @(10.6000 mm, -11.0000 mm): Pad 19 [SD_CLK] of U1 on F.Cu
[unconnected_items]: Missing connection between items
    Local override; error
    @(-10.1750 mm, -20.0000 mm): Pad 2 [SD_D1] of Rsd2 on F.Cu
    @(-24.0500 mm, -22.5000 mm): Pad 8 [SD_D1] of J3 on F.Cu
[unconnected_items]: Missing connection between items
    Local override; error
    @(11.4500 mm, -11.0000 mm): Pad 20 [SD_D1] of U1 on F.Cu
    @(-10.1750 mm, -20.0000 mm): Pad 2 [SD_D1] of Rsd2 on F.Cu
[unconnected_items]: Missing connection between items
    Local override; error
    @(-24.0500 mm, -15.9000 mm): Pad 2 [SD_D3] of J3 on F.Cu
    @(-10.7950 mm, -15.6200 mm): Track [SD_D3] on F.Cu, length 2.3345 mm
[unconnected_items]: Missing connection between items
    Local override; error
    @(6.8625 mm, -30.0500 mm): Pad 3 [USB_DM] of U7 on F.Cu
    @(9.1375 mm, -30.0500 mm): Pad 4 [USB_DM] of U7 on F.Cu
[unconnected_items]: Missing connection between items
    Local override; error
    @(7.2500 mm, -41.6450 mm): Pad B7 [USB_DM] of J2 on F.Cu
    @(6.8625 mm, -30.0500 mm): Pad 3 [USB_DM] of U7 on F.Cu
[unconnected_items]: Missing connection between items
    Local override; error
    @(8.2500 mm, -41.6450 mm): Pad A7 [USB_DM] of J2 on F.Cu
    @(7.2500 mm, -41.6450 mm): Pad B7 [USB_DM] of J2 on F.Cu
[unconnected_items]: Missing connection between items
    Local override; error
    @(14.0000 mm, -11.0000 mm): Pad 23 [USB_DM] of U1 on F.Cu
    @(9.1375 mm, -30.0500 mm): Pad 4 [USB_DM] of U7 on F.Cu
[unconnected_items]: Missing connection between items
    Local override; error
    @(6.8625 mm, -31.9500 mm): Pad 1 [USB_DP] of U7 on F.Cu
    @(9.1375 mm, -31.9500 mm): Pad 6 [USB_DP] of U7 on F.Cu
[unconnected_items]: Missing connection between items
    Local override; error
    @(8.7500 mm, -41.6450 mm): Pad B6 [USB_DP] of J2 on F.Cu
    @(7.7500 mm, -41.6450 mm): Pad A6 [USB_DP] of J2 on F.Cu
[unconnected_items]: Missing connection between items
    Local override; error
    @(9.1375 mm, -31.9500 mm): Pad 6 [USB_DP] of U7 on F.Cu
    @(8.7500 mm, -41.6450 mm): Pad B6 [USB_DP] of J2 on F.Cu
[unconnected_items]: Missing connection between items
    Local override; error
    @(14.8500 mm, -11.0000 mm): Pad 24 [USB_DP] of U1 on F.Cu
    @(9.1375 mm, -31.9500 mm): Pad 6 [USB_DP] of U7 on F.Cu
[unconnected_items]: Missing connection between items
    Local override; error
    @(1.5000 mm, -24.9200 mm): PTH pad 3 [/MCU_USB/UART_TX] of J1
    @(21.0000 mm, -18.8500 mm): Pad 39 [/MCU_USB/UART_TX] of U1 on F.Cu
[unconnected_items]: Missing connection between items
    Local override; error
    @(1.5000 mm, -27.4600 mm): PTH pad 2 [/MCU_USB/UART_RX] of J1
    @(21.0000 mm, -19.7000 mm): Pad 40 [/MCU_USB/UART_RX] of U1 on F.Cu
[unconnected_items]: Missing connection between items
    Local override; error
    @(24.5000 mm, -17.2250 mm): Pad 1 [/MCU_USB/EN] of C2 on F.Cu
    @(21.0000 mm, -23.9500 mm): Pad 45 [/MCU_USB/EN] of U1 on F.Cu
[unconnected_items]: Missing connection between items
    Local override; error
    @(24.5000 mm, -15.3250 mm): Pad 2 [/MCU_USB/EN] of R1 on F.Cu
    @(24.5000 mm, -17.2250 mm): Pad 1 [/MCU_USB/EN] of C2 on F.Cu
[unconnected_items]: Missing connection between items
    Local override; error
    @(-10.5000 mm, -39.2250 mm): Pad 1 [VBAT] of C5 on F.Cu
    @(-7.1375 mm, -38.5500 mm): Pad 3 [VBAT] of U4 on F.Cu
[unconnected_items]: Missing connection between items
    Local override; error
    @(-10.5000 mm, -35.2250 mm): Pad 1 [VBAT] of C6 on F.Cu
    @(-10.5000 mm, -39.2250 mm): Pad 1 [VBAT] of C5 on F.Cu
[unconnected_items]: Missing connection between items
    Local override; error
    @(-7.1375 mm, -40.4500 mm): Pad 1 [VBAT] of U4 on F.Cu
    @(-7.1375 mm, -38.5500 mm): Pad 3 [VBAT] of U4 on F.Cu
[unconnected_items]: Missing connection between items
    Local override; error
    @(22.8625 mm, -38.5500 mm): Pad 3 [VBAT] of U3 on F.Cu
    @(-7.1375 mm, -38.5500 mm): Pad 3 [VBAT] of U4 on F.Cu
[unconnected_items]: Missing connection between items
    Local override; error
    @(24.8625 mm, 30.0500 mm): Pad 1 [VBAT] of U8 on F.Cu
    @(12.4553 mm, 31.3250 mm): Track [VBAT] on F.Cu, length 1.6572 mm
[unconnected_items]: Missing connection between items
    Local override; error
    @(9.1375 mm, -31.0000 mm): Pad 5 [VBUS] of U7 on F.Cu
    @(10.4500 mm, -41.6450 mm): Pad B4 [VBUS] of J2 on F.Cu
[unconnected_items]: Missing connection between items
    Local override; error
    @(10.4500 mm, -41.6450 mm): Pad B4 [VBUS] of J2 on F.Cu
    @(5.5500 mm, -41.6450 mm): Pad A4 [VBUS] of J2 on F.Cu
[unconnected_items]: Missing connection between items
    Local override; error
    @(17.5000 mm, -39.2125 mm): Pad 1 [VBUS] of F1 on F.Cu
    @(10.4500 mm, -41.6450 mm): Pad B4 [VBUS] of J2 on F.Cu
[unconnected_items]: Missing connection between items
    Local override; error
    @(30.7750 mm, 22.0000 mm): Pad 2 [/Audio/PA_INP] of C17 on F.Cu
    @(15.6750 mm, 28.5050 mm): Track [/Audio/PA_INP] on F.Cu, length 1.0050 mm
[unconnected_items]: Missing connection between items
    Local override; error
    @(23.2125 mm, -33.0000 mm): Pad 1 [/Power/CHG_LED] of D2 on F.Cu
    @(28.8250 mm, -33.0000 mm): Pad 2 [/Power/CHG_LED] of Rchg on F.Cu
[unconnected_items]: Missing connection between items
    Local override; error
    @(21.2750 mm, 20.0000 mm): Pad 2 [/Audio/AGND] of C10 on F.Cu
    @(21.2750 mm, 23.0000 mm): Pad 2 [/Audio/AGND] of C11 on F.Cu
[unconnected_items]: Missing connection between items
    Local override; error
    @(21.2750 mm, 20.0000 mm): Pad 2 [/Audio/AGND] of C10 on F.Cu
    @(25.1750 mm, 16.5000 mm): Pad 1 [/Audio/AGND] of Ragnd on F.Cu
[unconnected_items]: Missing connection between items
    Local override; error
    @(21.2750 mm, 23.0000 mm): Pad 2 [/Audio/AGND] of C11 on F.Cu
    @(21.2750 mm, 26.0000 mm): Pad 2 [/Audio/AGND] of C16 on F.Cu
[unconnected_items]: Missing connection between items
    Local override; error
    @(26.0000 mm, 22.0000 mm): Pad 21 [/Audio/AGND] of U2 on F.Cu
    @(21.2750 mm, 23.0000 mm): Pad 2 [/Audio/AGND] of C11 on F.Cu
[unconnected_items]: Missing connection between items
    Local override; error
    @(26.0000 mm, 22.0000 mm): Pad 21 [/Audio/AGND] of U2 on F.Cu
    @(30.7750 mm, 19.0000 mm): Pad 2 [/Audio/AGND] of C12 on F.Cu
[unconnected_items]: Missing connection between items
    Local override; error
    @(26.8000 mm, 23.4500 mm): Pad 10 [/Audio/AGND] of U2 on F.Cu
    @(26.0000 mm, 22.0000 mm): Pad 21 [/Audio/AGND] of U2 on F.Cu
[unconnected_items]: Missing connection between items
    Local override; error
    @(26.8000 mm, 23.4500 mm): Pad 10 [/Audio/AGND] of U2 on F.Cu
    @(26.7750 mm, 27.5000 mm): Pad 2 [/Audio/AGND] of C13 on F.Cu
[unconnected_items]: Missing connection between items
    Local override; error
    @(30.7750 mm, 19.0000 mm): Pad 2 [/Audio/AGND] of C12 on F.Cu
    @(30.8500 mm, 11.5000 mm): Pad 3 [/Audio/AGND] of MK1 on F.Cu
[unconnected_items]: Missing connection between items
    Local override; error
    @(30.8500 mm, 10.8000 mm): Pad 4 [/Audio/AGND] of MK1 on F.Cu
    @(30.0000 mm, 10.1300 mm): Pad 5 [/Audio/AGND] of MK1 on F.Cu
[unconnected_items]: Missing connection between items
    Local override; error
    @(30.8500 mm, 11.5000 mm): Pad 3 [/Audio/AGND] of MK1 on F.Cu
    @(30.8500 mm, 10.8000 mm): Pad 4 [/Audio/AGND] of MK1 on F.Cu
[unconnected_items]: Missing connection between items
    Local override; error
    @(14.9500 mm, 23.1750 mm): Pad 4 [3V3A] of Y1 on F.Cu
    @(14.9500 mm, 24.8250 mm): Pad 1 [3V3A] of Y1 on F.Cu
[unconnected_items]: Missing connection between items
    Local override; error
    @(14.9500 mm, 24.8250 mm): Pad 1 [3V3A] of Y1 on F.Cu
    @(20.2250 mm, 31.0000 mm): Pad 1 [3V3A] of C9 on F.Cu
[unconnected_items]: Missing connection between items
    Local override; error
    @(25.2250 mm, 27.5000 mm): Pad 1 [3V3A] of C13 on F.Cu
    @(27.1375 mm, 30.0500 mm): Pad 5 [3V3A] of U8 on F.Cu
[unconnected_items]: Missing connection between items
    Local override; error
    @(25.2250 mm, 27.5000 mm): Pad 1 [3V3A] of C13 on F.Cu
    @(20.2250 mm, 31.0000 mm): Pad 1 [3V3A] of C9 on F.Cu
[unconnected_items]: Missing connection between items
    Local override; error
    @(27.4500 mm, 22.8000 mm): Pad 11 [3V3A] of U2 on F.Cu
    @(25.2250 mm, 27.5000 mm): Pad 1 [3V3A] of C13 on F.Cu
[unconnected_items]: Missing connection between items
    Local override; error
    @(29.1500 mm, 10.8000 mm): Pad 2 [3V3A] of MK1 on F.Cu
    @(27.4500 mm, 22.8000 mm): Pad 11 [3V3A] of U2 on F.Cu
[unconnected_items]: Missing connection between items
    Local override; error
    @(27.4500 mm, 22.4000 mm): Pad 12 [/Audio/AOUTP] of U2 on F.Cu
    @(29.2250 mm, 22.0000 mm): Pad 1 [/Audio/AOUTP] of C17 on F.Cu
[unconnected_items]: Missing connection between items
    Local override; error
    @(27.4500 mm, 22.0000 mm): Pad 13 [/Audio/AOUTN] of U2 on F.Cu
    @(29.2250 mm, 25.0000 mm): Pad 1 [/Audio/AOUTN] of C18 on F.Cu
[unconnected_items]: Missing connection between items
    Local override; error
    @(27.4500 mm, 21.6000 mm): Pad 14 [/Audio/DACVREF] of U2 on F.Cu
    @(29.2250 mm, 19.0000 mm): Pad 1 [/Audio/DACVREF] of C12 on F.Cu
[unconnected_items]: Missing connection between items
    Local override; error
    @(19.7250 mm, 23.0000 mm): Pad 1 [/Audio/ADCVREF] of C11 on F.Cu
    @(27.4500 mm, 21.2000 mm): Pad 15 [/Audio/ADCVREF] of U2 on F.Cu
[unconnected_items]: Missing connection between items
    Local override; error
    @(19.7250 mm, 20.0000 mm): Pad 1 [/Audio/VMID] of C10 on F.Cu
    @(26.8000 mm, 20.5500 mm): Pad 16 [/Audio/VMID] of U2 on F.Cu
[unconnected_items]: Missing connection between items
    Local override; error
    @(19.7250 mm, 26.0000 mm): Pad 1 [/Audio/MIC_N] of C16 on F.Cu
    @(26.4000 mm, 20.5500 mm): Pad 17 [/Audio/MIC_N] of U2 on F.Cu
[unconnected_items]: Missing connection between items
    Local override; error
    @(26.0000 mm, 20.5500 mm): Pad 18 [MIC_P] of U2 on F.Cu
    @(26.5000 mm, 9.2250 mm): Pad 2 [MIC_P] of C15 on F.Cu
[unconnected_items]: Missing connection between items
    Local override; error
    @(17.5000 mm, -40.7875 mm): Pad 2 [VBUS_CHG] of F1 on F.Cu
    @(20.5000 mm, -39.2250 mm): Pad 1 [VBUS_CHG] of C4 on F.Cu
[unconnected_items]: Missing connection between items
    Local override; error
    @(20.5000 mm, -39.2250 mm): Pad 1 [VBUS_CHG] of C4 on F.Cu
    @(25.1375 mm, -38.5500 mm): Pad 4 [VBUS_CHG] of U3 on F.Cu
[unconnected_items]: Missing connection between items
    Local override; error
    @(27.1750 mm, -33.0000 mm): Pad 1 [VBUS_CHG] of Rchg on F.Cu
    @(25.1375 mm, -38.5500 mm): Pad 4 [VBUS_CHG] of U3 on F.Cu
[unconnected_items]: Missing connection between items
    Local override; error
    @(26.5000 mm, 10.7750 mm): Pad 1 [/Audio/MIC_OUT] of C15 on F.Cu
    @(29.1500 mm, 11.5000 mm): Pad 1 [/Audio/MIC_OUT] of MK1 on F.Cu
[unconnected_items]: Missing connection between items
    Local override; error
    @(9.7500 mm, -41.6450 mm): Pad B5 [CC2] of J2 on F.Cu
    @(15.5000 mm, -39.1750 mm): Pad 1 [CC2] of R3 on F.Cu
[unconnected_items]: Missing connection between items
    Local override; error
    @(-14.8625 mm, -40.4500 mm): Pad 5 [/Power/3V3_RAW] of U5 on F.Cu
    @(-14.8625 mm, -38.5500 mm): Pad 4 [/Power/3V3_RAW] of U5 on F.Cu
[unconnected_items]: Missing connection between items
    Local override; error
    @(-3.6375 mm, -39.2250 mm): Track [/Power/3V3_RAW] on F.Cu, length 1.7324 mm
    @(-14.8625 mm, -40.4500 mm): Pad 5 [/Power/3V3_RAW] of U5 on F.Cu
[unconnected_items]: Missing connection between items
    Local override; error
    @(23.1750 mm, -36.0000 mm): Pad 1 [/Power/PROG] of R4 on F.Cu
    @(25.1375 mm, -40.4500 mm): Pad 5 [/Power/PROG] of U3 on F.Cu
[unconnected_items]: Missing connection between items
    Local override; error
    @(3.6800 mm, -40.7300 mm): PTH pad SH [unconnected-(J2-SHIELD-PadSH)] of J2
    @(3.6800 mm, -36.5500 mm): PTH pad SH [unconnected-(J2-SHIELD-PadSH)] of J2
[unconnected_items]: Missing connection between items
    Local override; error
    @(12.3200 mm, -40.7300 mm): PTH pad SH [unconnected-(J2-SHIELD-PadSH)] of J2
    @(3.6800 mm, -40.7300 mm): PTH pad SH [unconnected-(J2-SHIELD-PadSH)] of J2
[unconnected_items]: Missing connection between items
    Local override; error
    @(12.3200 mm, -36.5500 mm): PTH pad SH [unconnected-(J2-SHIELD-PadSH)] of J2
    @(12.3200 mm, -40.7300 mm): PTH pad SH [unconnected-(J2-SHIELD-PadSH)] of J2

** Found 0 Footprint errors **

** Ignored checks **
    - Footprint has no courtyard defined
    - Track endpoint not centered on via
    - Tuning profile track geometries
    - Footprint doesn't match symbol's footprint filters
    - Footprint component type doesn't match footprint pads

** End of Report **
